Channels:
 - conda-forge
 - bioconda
Platform: linux-64
Collecting package metadata (repodata.json): ...working... done
Solving environment: ...working... done


==> WARNING: A newer version of conda exists. <==
    current version: 24.1.2
    latest version: 26.7.2

Please update conda by running

    $ conda update -n base -c conda-forge conda



Downloading and Extracting Packages: ...working... done
Preparing transaction: ...working... done
Verifying transaction: ...working... done
Executing transaction: ...working... done
#
# To activate this environment, use
#
#     $ conda activate /local/tmp.10304910/atac_idr_10304910/peak-env
#
# To deactivate an active environment, use
#
#     $ conda deactivate

